161 INFO: PyInstaller: 6.22.3, contrib hooks: 2026.7
161 INFO: Python: 3.14.0
185 INFO: Platform: Windows-11-10.0.26200-SP0
185 INFO: Python environment: C:\Users\didyk\Projects\media-library\.venv
8593 INFO: Module search paths (PYTHONPATH):
['C:\\Users\\didyk\\Projects\\media-library',
 'C:\\Users\\didyk\\AppData\\Local\\Programs\\Python\\Python314\\python314.zip',
 'C:\\Users\\didyk\\AppData\\Local\\Programs\\Python\\Python314\\DLLs',
 'C:\\Users\\didyk\\AppData\\Local\\Programs\\Python\\Python314\\Lib',
 'C:\\Users\\didyk\\AppData\\Local\\Programs\\Python\\Python314',
 'C:\\Users\\didyk\\Projects\\media-library\\.venv',
 'C:\\Users\\didyk\\Projects\\media-library\\.venv\\Lib\\site-packages',
 'C:\\Users\\didyk\\Projects\\media-library']
8975 INFO: Appending 'binaries' from .spec
8980 INFO: Appending 'datas' from .spec
9366 INFO: checking Analysis
9366 INFO: Building Analysis because Analysis-00.toc is non existent
9366 INFO: Looking for Python shared library...
9366 INFO: Using Python shared library: C:\Users\didyk\AppData\Local\Programs\Python\Python314\python314.dll
9366 INFO: Running Analysis Analysis-00.toc
9366 INFO: Target bytecode optimization level: 0
9366 INFO: Initializing module dependency graph...
9367 INFO: Initializing module graph hook caches...
9504 INFO: Analyzing modules for base_library.zip ...
11181 INFO: Processing standard module hook 'hook-encodings.py' from 'C:\\Users\\didyk\\Projects\\media-library\\.venv\\Lib\\site-packages\\PyInstaller\\hooks'
11694 INFO: Processing standard module hook 'hook-pickle.py' from 'C:\\Users\\didyk\\Projects\\media-library\\.venv\\Lib\\site-packages\\PyInstaller\\hooks'
11998 INFO: Processing standard module hook 'hook-math.py' from 'C:\\Users\\didyk\\Projects\\media-library\\.venv\\Lib\\site-packages\\PyInstaller\\hooks'
12198 INFO: Processing standard module hook 'hook-difflib.py' from 'C:\\Users\\didyk\\Projects\\media-library\\.venv\\Lib\\site-packages\\PyInstaller\\hooks'
12215 INFO: Processing standard module hook 'hook-heapq.py' from 'C:\\Users\\didyk\\Projects\\media-library\\.venv\\Lib\\site-packages\\PyInstaller\\hooks'
16697 INFO: Caching module dependency graph...
16717 INFO: Analyzing C:\Users\didyk\Projects\media-library\run_app.py
16815 INFO: Processing standard module hook 'hook-multiprocessing.util.py' from 'C:\\Users\\didyk\\Projects\\media-library\\.venv\\Lib\\site-packages\\PyInstaller\\hooks'
16971 INFO: Processing standard module hook 'hook-xml.py' from 'C:\\Users\\didyk\\Projects\\media-library\\.venv\\Lib\\site-packages\\PyInstaller\\hooks'
17435 INFO: Processing standard module hook 'hook-_ctypes.py' from 'C:\\Users\\didyk\\Projects\\media-library\\.venv\\Lib\\site-packages\\PyInstaller\\hooks'
17483 INFO: Processing standard module hook 'hook-uvicorn.py' from 'C:\\Users\\didyk\\Projects\\media-library\\.venv\\Lib\\site-packages\\_pyinstaller_hooks_contrib\\stdhooks'
19052 INFO: Processing pre-safe-import-module hook 'hook-typing_extensions.py' from 'C:\\Users\\didyk\\Projects\\media-library\\.venv\\Lib\\site-packages\\PyInstaller\\hooks\\pre_safe_import_module'
19055 INFO: SetuptoolsInfo: initializing cached setuptools info...
22145 INFO: Processing standard module hook 'hook-platform.py' from 'C:\\Users\\didyk\\Projects\\media-library\\.venv\\Lib\\site-packages\\PyInstaller\\hooks'
22774 INFO: Processing standard module hook 'hook-webbrowser.py' from 'C:\\Users\\didyk\\Projects\\media-library\\.venv\\Lib\\site-packages\\PyInstaller\\hooks'
23463 INFO: Processing standard module hook 'hook-websockets.py' from 'C:\\Users\\didyk\\Projects\\media-library\\.venv\\Lib\\site-packages\\_pyinstaller_hooks_contrib\\stdhooks'
24512 INFO: Processing standard module hook 'hook-anyio.py' from 'C:\\Users\\didyk\\Projects\\media-library\\.venv\\Lib\\site-packages\\_pyinstaller_hooks_contrib\\stdhooks'
25526 INFO: Processing standard module hook 'hook-pydantic.py' from 'C:\\Users\\didyk\\Projects\\media-library\\.venv\\Lib\\site-packages\\_pyinstaller_hooks_contrib\\stdhooks'
26418 INFO: Processing standard module hook 'hook-rich.py' from 'C:\\Users\\didyk\\Projects\\media-library\\.venv\\Lib\\site-packages\\_pyinstaller_hooks_contrib\\stdhooks'
27018 INFO: Processing standard module hook 'hook-pygments.py' from 'C:\\Users\\didyk\\Projects\\media-library\\.venv\\Lib\\site-packages\\PyInstaller\\hooks'
29242 INFO: Processing standard module hook 'hook-sysconfig.py' from 'C:\\Users\\didyk\\Projects\\media-library\\.venv\\Lib\\site-packages\\PyInstaller\\hooks'
29630 INFO: Processing standard module hook 'hook-zoneinfo.py' from 'C:\\Users\\didyk\\Projects\\media-library\\.venv\\Lib\\site-packages\\_pyinstaller_hooks_contrib\\stdhooks'
32020 INFO: Processing pre-safe-import-module hook 'hook-tomli.py' from 'C:\\Users\\didyk\\Projects\\media-library\\.venv\\Lib\\site-packages\\PyInstaller\\hooks\\pre_safe_import_module'
32020 INFO: Setuptools: 'tomli' appears to be a setuptools-vendored copy - creating alias to 'setuptools._vendor.tomli'!
32032 INFO: Processing standard module hook 'hook-setuptools.py' from 'C:\\Users\\didyk\\Projects\\media-library\\.venv\\Lib\\site-packages\\PyInstaller\\hooks'
32068 INFO: Processing pre-safe-import-module hook 'hook-distutils.py' from 'C:\\Users\\didyk\\Projects\\media-library\\.venv\\Lib\\site-packages\\PyInstaller\\hooks\\pre_safe_import_module'
32148 INFO: Processing pre-safe-import-module hook 'hook-jaraco.py' from 'C:\\Users\\didyk\\Projects\\media-library\\.venv\\Lib\\site-packages\\PyInstaller\\hooks\\pre_safe_import_module'
32149 INFO: Setuptools: 'jaraco' appears to be a full setuptools-vendored copy - creating alias to 'setuptools._vendor.jaraco'!
32165 INFO: Processing pre-safe-import-module hook 'hook-more_itertools.py' from 'C:\\Users\\didyk\\Projects\\media-library\\.venv\\Lib\\site-packages\\PyInstaller\\hooks\\pre_safe_import_module'
32166 INFO: Setuptools: 'more_itertools' appears to be a setuptools-vendored copy - creating alias to 'setuptools._vendor.more_itertools'!
32486 INFO: Processing pre-safe-import-module hook 'hook-packaging.py' from 'C:\\Users\\didyk\\Projects\\media-library\\.venv\\Lib\\site-packages\\PyInstaller\\hooks\\pre_safe_import_module'
33025 INFO: Processing standard module hook 'hook-setuptools._vendor.jaraco.text.py' from 'C:\\Users\\didyk\\Projects\\media-library\\.venv\\Lib\\site-packages\\PyInstaller\\hooks'
33026 INFO: Processing pre-safe-import-module hook 'hook-importlib_resources.py' from 'C:\\Users\\didyk\\Projects\\media-library\\.venv\\Lib\\site-packages\\PyInstaller\\hooks\\pre_safe_import_module'
33045 INFO: Processing pre-safe-import-module hook 'hook-backports.py' from 'C:\\Users\\didyk\\Projects\\media-library\\.venv\\Lib\\site-packages\\PyInstaller\\hooks\\pre_safe_import_module'
33045 INFO: Setuptools: 'backports' appears to be a full setuptools-vendored copy - creating alias to 'setuptools._vendor.backports'!
33327 INFO: Processing pre-safe-import-module hook 'hook-importlib_metadata.py' from 'C:\\Users\\didyk\\Projects\\media-library\\.venv\\Lib\\site-packages\\PyInstaller\\hooks\\pre_safe_import_module'
33328 INFO: Setuptools: 'importlib_metadata' appears to be a setuptools-vendored copy - creating alias to 'setuptools._vendor.importlib_metadata'!
33368 INFO: Processing standard module hook 'hook-setuptools._vendor.importlib_metadata.py' from 'C:\\Users\\didyk\\Projects\\media-library\\.venv\\Lib\\site-packages\\PyInstaller\\hooks'
33370 INFO: Processing pre-safe-import-module hook 'hook-zipp.py' from 'C:\\Users\\didyk\\Projects\\media-library\\.venv\\Lib\\site-packages\\PyInstaller\\hooks\\pre_safe_import_module'
33371 INFO: Setuptools: 'zipp' appears to be a setuptools-vendored copy - creating alias to 'setuptools._vendor.zipp'!
34553 INFO: Processing standard module hook 'hook-pkg_resources.py' from 'C:\\Users\\didyk\\Projects\\media-library\\.venv\\Lib\\site-packages\\PyInstaller\\hooks'
34844 INFO: Processing pre-safe-import-module hook 'hook-platformdirs.py' from 'C:\\Users\\didyk\\Projects\\media-library\\.venv\\Lib\\site-packages\\PyInstaller\\hooks\\pre_safe_import_module'
34864 INFO: Processing standard module hook 'hook-platformdirs.py' from 'C:\\Users\\didyk\\Projects\\media-library\\.venv\\Lib\\site-packages\\_pyinstaller_hooks_contrib\\stdhooks'
35304 INFO: Processing pre-safe-import-module hook 'hook-wheel.py' from 'C:\\Users\\didyk\\Projects\\media-library\\.venv\\Lib\\site-packages\\PyInstaller\\hooks\\pre_safe_import_module'
35304 INFO: Setuptools: 'wheel' appears to be a setuptools-vendored copy - creating alias to 'setuptools._vendor.wheel'!
35819 INFO: Processing standard module hook 'hook-sqlite3.py' from 'C:\\Users\\didyk\\Projects\\media-library\\.venv\\Lib\\site-packages\\PyInstaller\\hooks'
36140 INFO: Processing standard module hook 'hook-numpy.py' from 'C:\\Users\\didyk\\Projects\\media-library\\.venv\\Lib\\site-packages\\PyInstaller\\hooks'
40665 INFO: Processing standard module hook 'hook-av.py' from 'C:\\Users\\didyk\\Projects\\media-library\\.venv\\Lib\\site-packages\\_pyinstaller_hooks_contrib\\stdhooks'
42150 INFO: Processing standard module hook 'hook-certifi.py' from 'C:\\Users\\didyk\\Projects\\media-library\\.venv\\Lib\\site-packages\\_pyinstaller_hooks_contrib\\stdhooks'
44263 INFO: Processing standard module hook 'hook-PIL.py' from 'C:\\Users\\didyk\\Projects\\media-library\\.venv\\Lib\\site-packages\\PyInstaller\\hooks'
44384 INFO: Processing standard module hook 'hook-PIL.Image.py' from 'C:\\Users\\didyk\\Projects\\media-library\\.venv\\Lib\\site-packages\\PyInstaller\\hooks'
44883 INFO: Processing standard module hook 'hook-xml.etree.cElementTree.py' from 'C:\\Users\\didyk\\Projects\\media-library\\.venv\\Lib\\site-packages\\PyInstaller\\hooks'
45184 INFO: Processing standard module hook 'hook-PIL.ImageFilter.py' from 'C:\\Users\\didyk\\Projects\\media-library\\.venv\\Lib\\site-packages\\PyInstaller\\hooks'
45988 INFO: Processing standard module hook 'hook-jinja2.py' from 'C:\\Users\\didyk\\Projects\\media-library\\.venv\\Lib\\site-packages\\_pyinstaller_hooks_contrib\\stdhooks'
46779 INFO: Processing standard module hook 'hook-torch.py' from 'C:\\Users\\didyk\\Projects\\media-library\\.venv\\Lib\\site-packages\\_pyinstaller_hooks_contrib\\stdhooks'
1543 WARNING: Failed to collect submodules for 'torch.utils.tensorboard' because importing 'torch.utils.tensorboard' raised: ModuleNotFoundError: No module named 'tensorboard'
W0916 18:56:03.333000 19896 .venv\Lib\site-packages\torch\utils\flop_counter.py:113] triton not found; flop counting will not work for triton kernels
C:\Users\didyk\Projects\media-library\.venv\Lib\site-packages\PyInstaller\utils\hooks\__init__.py:665: DeprecationWarning: `torch.distributed._sharding_spec` will be deprecated, use `torch.distributed._shard.sharding_spec` instead
  __import__(name)
C:\Users\didyk\Projects\media-library\.venv\Lib\site-packages\PyInstaller\utils\hooks\__init__.py:665: DeprecationWarning: `torch.distributed._sharded_tensor` will be deprecated, use `torch.distributed._shard.sharded_tensor` instead
  __import__(name)
C:\Users\didyk\Projects\media-library\.venv\Lib\site-packages\PyInstaller\utils\hooks\__init__.py:665: DeprecationWarning: `torch.distributed._shard.checkpoint` will be deprecated, use `torch.distributed.checkpoint` instead
  __import__(name)
56565 INFO: hook-torch: this torch build does not depend on MKL...
59406 INFO: Processing standard module hook 'hook-py.py' from 'C:\\Users\\didyk\\Projects\\media-library\\.venv\\Lib\\site-packages\\_pyinstaller_hooks_contrib\\stdhooks'
75724 INFO: Processing standard module hook 'hook-scipy.py' from 'C:\\Users\\didyk\\Projects\\media-library\\.venv\\Lib\\site-packages\\PyInstaller\\hooks'
76487 INFO: Processing standard module hook 'hook-pycparser.py' from 'C:\\Users\\didyk\\Projects\\media-library\\.venv\\Lib\\site-packages\\_pyinstaller_hooks_contrib\\stdhooks'
77745 INFO: Processing standard module hook 'hook-scipy.linalg.py' from 'C:\\Users\\didyk\\Projects\\media-library\\.venv\\Lib\\site-packages\\PyInstaller\\hooks'
91089 INFO: Processing pre-safe-import-module hook 'hook-win32com.py' from 'C:\\Users\\didyk\\Projects\\media-library\\.venv\\Lib\\site-packages\\_pyinstaller_hooks_contrib\\pre_safe_import_module'
106901 INFO: Processing standard module hook 'hook-onnxruntime.py' from 'C:\\Users\\didyk\\Projects\\media-library\\.venv\\Lib\\site-packages\\_pyinstaller_hooks_contrib\\stdhooks'
107308 INFO: Processing pre-safe-import-module hook 'hook-tensorflow.py' from 'C:\\Users\\didyk\\Projects\\media-library\\.venv\\Lib\\site-packages\\_pyinstaller_hooks_contrib\\pre_safe_import_module'
111903 INFO: Processing standard module hook 'hook-scipy.special._ufuncs.py' from 'C:\\Users\\didyk\\Projects\\media-library\\.venv\\Lib\\site-packages\\PyInstaller\\hooks'
112591 INFO: Processing standard module hook 'hook-scipy.special._ellip_harm_2.py' from 'C:\\Users\\didyk\\Projects\\media-library\\.venv\\Lib\\site-packages\\PyInstaller\\hooks'
114900 INFO: Processing standard module hook 'hook-scipy.spatial._ckdtree.py' from 'C:\\Users\\didyk\\Projects\\media-library\\.venv\\Lib\\site-packages\\PyInstaller\\hooks'
116144 INFO: Processing standard module hook 'hook-scipy.spatial.transform.rotation.py' from 'C:\\Users\\didyk\\Projects\\media-library\\.venv\\Lib\\site-packages\\PyInstaller\\hooks'
117420 INFO: Processing standard module hook 'hook-scipy.stats._stats.py' from 'C:\\Users\\didyk\\Projects\\media-library\\.venv\\Lib\\site-packages\\PyInstaller\\hooks'
118376 INFO: Processing standard module hook 'hook-scipy.sparse.csgraph.py' from 'C:\\Users\\didyk\\Projects\\media-library\\.venv\\Lib\\site-packages\\PyInstaller\\hooks'
124610 INFO: Processing standard module hook 'hook-torchvision.py' from 'C:\\Users\\didyk\\Projects\\media-library\\.venv\\Lib\\site-packages\\_pyinstaller_hooks_contrib\\stdhooks'
124749 INFO: Processing standard module hook 'hook-torchvision.io.image.py' from 'C:\\Users\\didyk\\Projects\\media-library\\.venv\\Lib\\site-packages\\_pyinstaller_hooks_contrib\\stdhooks'
126161 INFO: Processing standard module hook 'hook-scipy.io.matlab.py' from 'C:\\Users\\didyk\\Projects\\media-library\\.venv\\Lib\\site-packages\\PyInstaller\\hooks'
145232 INFO: Processing standard module hook 'hook-fsspec.py' from 'C:\\Users\\didyk\\Projects\\media-library\\.venv\\Lib\\site-packages\\_pyinstaller_hooks_contrib\\stdhooks'
159771 INFO: Processing standard module hook 'hook-xml.dom.domreg.py' from 'C:\\Users\\didyk\\Projects\\media-library\\.venv\\Lib\\site-packages\\PyInstaller\\hooks'
C:\Users\didyk\Projects\media-library\.venv\Lib\site-packages\sympy\testing\runtests.py:283: SyntaxWarning: 'return' in a 'finally' block
  return p.returncode
165010 INFO: Processing standard module hook 'hook-transformers.py' from 'C:\\Users\\didyk\\Projects\\media-library\\.venv\\Lib\\site-packages\\_pyinstaller_hooks_contrib\\stdhooks'
175438 INFO: Processing standard module hook 'hook-regex.py' from 'C:\\Users\\didyk\\Projects\\media-library\\.venv\\Lib\\site-packages\\_pyinstaller_hooks_contrib\\stdhooks'
178591 INFO: Processing standard module hook 'hook-timm.py' from 'C:\\Users\\didyk\\Projects\\media-library\\.venv\\Lib\\site-packages\\_pyinstaller_hooks_contrib\\stdhooks'
186212 INFO: Processing standard module hook 'hook-cv2.py' from 'C:\\Users\\didyk\\Projects\\media-library\\.venv\\Lib\\site-packages\\_pyinstaller_hooks_contrib\\stdhooks'
187695 INFO: Processing standard module hook 'hook-sklearn.py' from 'C:\\Users\\didyk\\Projects\\media-library\\.venv\\Lib\\site-packages\\_pyinstaller_hooks_contrib\\stdhooks'
188199 INFO: Processing standard module hook 'hook-sklearn.utils.py' from 'C:\\Users\\didyk\\Projects\\media-library\\.venv\\Lib\\site-packages\\_pyinstaller_hooks_contrib\\stdhooks'
188511 INFO: Processing standard module hook 'hook-cloudpickle.py' from 'C:\\Users\\didyk\\Projects\\media-library\\.venv\\Lib\\site-packages\\_pyinstaller_hooks_contrib\\stdhooks'
189118 INFO: Processing standard module hook 'hook-narwhals.py' from 'C:\\Users\\didyk\\Projects\\media-library\\.venv\\Lib\\site-packages\\_pyinstaller_hooks_contrib\\stdhooks'
193087 INFO: Processing standard module hook 'hook-sklearn.externals.array_api_compat.numpy.py' from 'C:\\Users\\didyk\\Projects\\media-library\\.venv\\Lib\\site-packages\\_pyinstaller_hooks_contrib\\stdhooks'
193200 INFO: Processing standard module hook 'hook-sklearn.externals.array_api_compat.cupy.py' from 'C:\\Users\\didyk\\Projects\\media-library\\.venv\\Lib\\site-packages\\_pyinstaller_hooks_contrib\\stdhooks'
193240 INFO: Processing standard module hook 'hook-sklearn.externals.array_api_compat.torch.py' from 'C:\\Users\\didyk\\Projects\\media-library\\.venv\\Lib\\site-packages\\_pyinstaller_hooks_contrib\\stdhooks'
193318 INFO: Processing standard module hook 'hook-sklearn.externals.array_api_compat.dask.array.py' from 'C:\\Users\\didyk\\Projects\\media-library\\.venv\\Lib\\site-packages\\_pyinstaller_hooks_contrib\\stdhooks'
194462 INFO: Processing standard module hook 'hook-sklearn.metrics.py' from 'C:\\Users\\didyk\\Projects\\media-library\\.venv\\Lib\\site-packages\\_pyinstaller_hooks_contrib\\stdhooks'
198348 INFO: Processing standard module hook 'hook-sklearn.metrics.cluster.py' from 'C:\\Users\\didyk\\Projects\\media-library\\.venv\\Lib\\site-packages\\_pyinstaller_hooks_contrib\\stdhooks'
198470 INFO: Processing standard module hook 'hook-sklearn.metrics.pairwise.py' from 'C:\\Users\\didyk\\Projects\\media-library\\.venv\\Lib\\site-packages\\_pyinstaller_hooks_contrib\\stdhooks'
198919 INFO: Processing standard module hook 'hook-sklearn.cluster.py' from 'C:\\Users\\didyk\\Projects\\media-library\\.venv\\Lib\\site-packages\\_pyinstaller_hooks_contrib\\stdhooks'
199346 INFO: Processing standard module hook 'hook-sklearn.neighbors.py' from 'C:\\Users\\didyk\\Projects\\media-library\\.venv\\Lib\\site-packages\\_pyinstaller_hooks_contrib\\stdhooks'
199624 INFO: Processing standard module hook 'hook-sklearn.linear_model.py' from 'C:\\Users\\didyk\\Projects\\media-library\\.venv\\Lib\\site-packages\\_pyinstaller_hooks_contrib\\stdhooks'
259856 INFO: Processing standard module hook 'hook-wcwidth.py' from 'C:\\Users\\didyk\\Projects\\media-library\\.venv\\Lib\\site-packages\\PyInstaller\\hooks'
260526 INFO: Processing standard module hook 'hook-webview.py' from 'C:\\Users\\didyk\\Projects\\media-library\\.venv\\Lib\\site-packages\\webview\\__pyinstaller'
261344 INFO: Processing pre-safe-import-module hook 'hook-gi.py' from 'C:\\Users\\didyk\\Projects\\media-library\\.venv\\Lib\\site-packages\\PyInstaller\\hooks\\pre_safe_import_module'
261511 INFO: Processing standard module hook 'hook-clr.py' from 'C:\\Users\\didyk\\Projects\\media-library\\.venv\\Lib\\site-packages\\pythonnet\\_pyinstaller'
261583 INFO: Processing standard module hook 'hook-clr_loader.py' from 'C:\\Users\\didyk\\Projects\\media-library\\.venv\\Lib\\site-packages\\_pyinstaller_hooks_contrib\\stdhooks'
261805 INFO: Analyzing hidden import 'uvicorn.loops.auto'
261841 INFO: Analyzing hidden import 'uvicorn.protocols.http.auto'
261856 INFO: Analyzing hidden import 'uvicorn.protocols.websockets.auto'
261867 INFO: Analyzing hidden import 'uvicorn.lifespan.on'
261888 INFO: Processing module hooks (post-graph stage)...
262983 WARNING: Hidden import "pycparser.lextab" not found!
262983 WARNING: Hidden import "pycparser.yacctab" not found!
263976 INFO: Processing standard module hook 'hook-sklearn.tree.py' from 'C:\\Users\\didyk\\Projects\\media-library\\.venv\\Lib\\site-packages\\_pyinstaller_hooks_contrib\\stdhooks'
277135 WARNING: Hidden import "torchvision.image" not found!
277135 WARNING: Hidden import "torchvision._C" not found!
277524 WARNING: Hidden import "tzdata" not found!
278171 INFO: Processing standard module hook 'hook-PIL.SpiderImagePlugin.py' from 'C:\\Users\\didyk\\Projects\\media-library\\.venv\\Lib\\site-packages\\PyInstaller\\hooks'
285213 WARNING: Hidden import "scipy.special._cdflib" not found!
285460 INFO: Performing binary vs. data reclassification (10831 entries)
397028 INFO: Looking for ctypes DLLs
397177 WARNING: Ignoring /usr/lib64/libgomp.so.1 imported from C:\Users\didyk\Projects\media-library\.venv\Lib\site-packages\torch\_inductor\codecache.py - only basenames are supported with ctypes imports!
397544 INFO: Analyzing run-time hooks ...
397570 INFO: Including run-time hook 'pyi_rth_pkgutil.py' from 'C:\\Users\\didyk\\Projects\\media-library\\.venv\\Lib\\site-packages\\PyInstaller\\hooks\\rthooks'
397588 INFO: Including run-time hook 'pyi_rth_setuptools.py' from 'C:\\Users\\didyk\\Projects\\media-library\\.venv\\Lib\\site-packages\\PyInstaller\\hooks\\rthooks'
397602 INFO: Including run-time hook 'pyi_rth_pkgres.py' from 'C:\\Users\\didyk\\Projects\\media-library\\.venv\\Lib\\site-packages\\PyInstaller\\hooks\\rthooks'
397624 INFO: Including run-time hook 'pyi_rth_inspect.py' from 'C:\\Users\\didyk\\Projects\\media-library\\.venv\\Lib\\site-packages\\PyInstaller\\hooks\\rthooks'
397631 INFO: Including run-time hook 'pyi_rth_multiprocessing.py' from 'C:\\Users\\didyk\\Projects\\media-library\\.venv\\Lib\\site-packages\\PyInstaller\\hooks\\rthooks'
397950 INFO: Creating base_library.zip...
397966 INFO: Looking for dynamic libraries
W0916 19:01:51.525000 30764 .venv\Lib\site-packages\torch\utils\flop_counter.py:113] triton not found; flop counting will not work for triton kernels
C:\Users\didyk\Projects\media-library\.venv\Lib\site-packages\PyInstaller\building\build_main.py:227: DeprecationWarning: `torch.distributed._sharding_spec` will be deprecated, use `torch.distributed._shard.sharding_spec` instead
  __import__(package)
C:\Users\didyk\Projects\media-library\.venv\Lib\site-packages\PyInstaller\building\build_main.py:227: DeprecationWarning: `torch.distributed._sharded_tensor` will be deprecated, use `torch.distributed._shard.sharded_tensor` instead
  __import__(package)
C:\Users\didyk\Projects\media-library\.venv\Lib\site-packages\PyInstaller\building\build_main.py:227: DeprecationWarning: `torch.distributed._shard.checkpoint` will be deprecated, use `torch.distributed.checkpoint` instead
  __import__(package)
C:\Users\didyk\Projects\media-library\.venv\Lib\site-packages\websockets\legacy\__init__.py:6: DeprecationWarning: websockets.legacy is deprecated; see https://websockets.readthedocs.io/en/stable/howto/upgrade.html for upgrade instructions
  warnings.warn(  # deprecated in 14.0 - 2024-11-09
410419 INFO: Extra DLL search directories (AddDllDirectory): ['C:\\Users\\didyk\\Projects\\media-library\\.venv\\Lib\\site-packages\\torch\\lib', 'C:\\Users\\didyk\\Projects\\media-library\\.venv\\Lib\\site-packages\\numpy.libs', 'C:\\Users\\didyk\\Projects\\media-library\\.venv\\Lib\\site-packages\\torchvision', 'C:\\Users\\didyk\\Projects\\media-library\\.venv\\Lib\\site-packages\\torchvision', 'C:\\Users\\didyk\\Projects\\media-library\\.venv\\Lib\\site-packages\\scipy.libs', 'C:\\Users\\didyk\\Projects\\media-library\\.venv\\Lib\\site-packages\\av.libs', 'C:\\Users\\didyk\\Projects\\media-library\\.venv\\Lib\\site-packages\\cv2\\../../x64/vc17/bin', 'C:\\Users\\didyk\\Projects\\media-library\\.venv\\Lib\\site-packages\\ctranslate2', 'C:\\Users\\didyk\\Projects\\media-library\\.venv\\Lib\\site-packages\\ctranslate2/../_rocm_sdk_core/bin']
410419 INFO: Extra DLL search directories (PATH): ['C:\\Users\\didyk\\Projects\\media-library\\.venv\\Lib\\site-packages\\cv2\\../../x64/vc17/bin']
414904 INFO: Warnings written to C:\Users\didyk\Projects\media-library\build\media-library\warn-media-library.txt
415437 INFO: Graph cross-reference written to C:\Users\didyk\Projects\media-library\build\media-library\xref-media-library.html
415925 INFO: checking PYZ
415925 INFO: Building PYZ because PYZ-00.toc is non existent
415925 INFO: Building PYZ (ZlibArchive) C:\Users\didyk\Projects\media-library\build\media-library\PYZ-00.pyz
C:\Users\didyk\Projects\media-library\.venv\Lib\site-packages\sympy\testing\runtests.py:283: SyntaxWarning: 'return' in a 'finally' block
  return p.returncode
443287 INFO: Building PYZ (ZlibArchive) C:\Users\didyk\Projects\media-library\build\media-library\PYZ-00.pyz completed successfully.
443404 INFO: checking PKG
443404 INFO: Building PKG because PKG-00.toc is non existent
443404 INFO: Building PKG (CArchive) media-library.pkg
443486 INFO: Building PKG (CArchive) media-library.pkg completed successfully.
443487 INFO: Bootloader C:\Users\didyk\Projects\media-library\.venv\Lib\site-packages\PyInstaller\bootloader\Windows-64bit-intel\runw.exe
443487 INFO: checking EXE
443487 INFO: Building EXE because EXE-00.toc is non existent
443487 INFO: Building EXE from EXE-00.toc
443487 INFO: Copying bootloader EXE to C:\Users\didyk\Projects\media-library\build\media-library\media-library.exe
443573 INFO: Copying icon to EXE
443636 INFO: Copying 0 resources to EXE
443636 INFO: Embedding manifest in EXE
443697 INFO: Appending PKG archive to EXE
443813 INFO: Fixing EXE headers
444378 INFO: Building EXE from EXE-00.toc completed successfully.
444530 INFO: checking COLLECT
444531 INFO: Building COLLECT because COLLECT-00.toc is non existent
444531 INFO: Building COLLECT COLLECT-00.toc
523359 INFO: Building COLLECT COLLECT-00.toc completed successfully.
523584 INFO: Build complete! The results are available in: C:\Users\didyk\Projects\media-library\dist
1/4 PyInstaller…
2/4 ваги моделей…
   скопійовано файлів: 30
3/4 підпис…
  ?????????? ??? ?: 1631E5C5BDC6A9AE38392782FA5E422DA2357549
  ??? ? ????????? ?????????
  ?????????: Valid
  ?????????: Valid
  ????????:  CN=media-library (local build)
4/4 перевірка…
  OK   exe
  OK   фронтенд
  OK   схема БД
  OK   sqlite-vec
  OK   ffmpeg
  OK   deep-filter
  OK   знак
  OK   код бекенда
  OK   CUDA
  OK   SigLIP
  OK   NLLB-CLIP
  OK   токенізатор NLLB
  OK   E5
  OK   ASR

Готово: C:\Users\didyk\Projects\media-library\dist\media-library  (11.61 ГБ)
